// Jest Snapshot v1, https://goo.gl/fbAQLP

exports[`Matches DOM Snapshot 1`] = `
<div
  className="avatar-group"
  title="avatar-first-wrapper"
/>
`;
